// Jest Snapshot v1, https://goo.gl/fbAQLP

exports[`AccountDetails should display initial count 1`] = `ShallowWrapper {}`;
